
==========================================================================
detailed place report_tns
--------------------------------------------------------------------------
tns max 0.00

==========================================================================
detailed place report_wns
--------------------------------------------------------------------------
wns max 0.00

==========================================================================
detailed place report_worst_slack
--------------------------------------------------------------------------
worst slack max 8.83

==========================================================================
detailed place report_clock_min_period
--------------------------------------------------------------------------
clk period_min = 1.17 fmax = 851.63

==========================================================================
detailed place report_checks -path_delay min
--------------------------------------------------------------------------
Startpoint: in1[0] (input port clocked by clk)
Endpoint: out[0] (output port clocked by clk)
Path Group: clk
Path Type: min

Fanout     Cap    Slew   Delay    Time   Description
-----------------------------------------------------------------------------
                  0.00    0.00    0.00   clock clk (rise edge)
                          0.00    0.00   clock network delay (ideal)
                          0.50    0.50 ^ input external delay
     1    2.17    0.01    0.01    0.51 ^ in1[0] (in)
                                         in1[0] (net)
                  0.01    0.00    0.51 ^ input9/A (BUF_X1)
     1    1.23    0.01    0.02    0.53 ^ input9/Z (BUF_X1)
                                         net9 (net)
                  0.01    0.00    0.53 ^ _7_/B (MUX2_X1)
     1    1.01    0.01    0.03    0.56 ^ _7_/Z (MUX2_X1)
                                         net18 (net)
                  0.01    0.00    0.56 ^ output18/A (BUF_X1)
     1    1.26    0.01    0.02    0.58 ^ output18/Z (BUF_X1)
                                         out[0] (net)
                  0.01    0.00    0.58 ^ out[0] (out)
                                  0.58   data arrival time

                  0.00    0.00    0.00   clock clk (rise edge)
                          0.00    0.00   clock network delay (ideal)
                          0.00    0.00   clock reconvergence pessimism
                         -0.50   -0.50   output external delay
                                 -0.50   data required time
-----------------------------------------------------------------------------
                                 -0.50   data required time
                                 -0.58   data arrival time
-----------------------------------------------------------------------------
                                  1.08   slack (MET)



==========================================================================
detailed place report_checks -path_delay max
--------------------------------------------------------------------------
Startpoint: sel (input port clocked by clk)
Endpoint: out[2] (output port clocked by clk)
Path Group: clk
Path Type: max

Fanout     Cap    Slew   Delay    Time   Description
-----------------------------------------------------------------------------
                  0.00    0.00    0.00   clock clk (rise edge)
                          0.00    0.00   clock network delay (ideal)
                          0.50    0.50 ^ input external delay
     1    5.50    0.01    0.01    0.51 ^ sel (in)
                                         sel (net)
                  0.01    0.00    0.51 ^ input17/A (BUF_X1)
     8   20.77    0.05    0.07    0.58 ^ input17/Z (BUF_X1)
                                         net17 (net)
                  0.05    0.00    0.59 ^ _5_/S (MUX2_X1)
     1    1.40    0.01    0.06    0.65 v _5_/Z (MUX2_X1)
                                         net20 (net)
                  0.01    0.00    0.65 v output20/A (BUF_X1)
     1    1.50    0.01    0.03    0.67 v output20/Z (BUF_X1)
                                         out[2] (net)
                  0.01    0.00    0.67 v out[2] (out)
                                  0.67   data arrival time

                  0.00   10.00   10.00   clock clk (rise edge)
                          0.00   10.00   clock network delay (ideal)
                          0.00   10.00   clock reconvergence pessimism
                         -0.50    9.50   output external delay
                                  9.50   data required time
-----------------------------------------------------------------------------
                                  9.50   data required time
                                 -0.67   data arrival time
-----------------------------------------------------------------------------
                                  8.83   slack (MET)



==========================================================================
detailed place report_checks -unconstrained
--------------------------------------------------------------------------
Startpoint: sel (input port clocked by clk)
Endpoint: out[2] (output port clocked by clk)
Path Group: clk
Path Type: max

Fanout     Cap    Slew   Delay    Time   Description
-----------------------------------------------------------------------------
                  0.00    0.00    0.00   clock clk (rise edge)
                          0.00    0.00   clock network delay (ideal)
                          0.50    0.50 ^ input external delay
     1    5.50    0.01    0.01    0.51 ^ sel (in)
                                         sel (net)
                  0.01    0.00    0.51 ^ input17/A (BUF_X1)
     8   20.77    0.05    0.07    0.58 ^ input17/Z (BUF_X1)
                                         net17 (net)
                  0.05    0.00    0.59 ^ _5_/S (MUX2_X1)
     1    1.40    0.01    0.06    0.65 v _5_/Z (MUX2_X1)
                                         net20 (net)
                  0.01    0.00    0.65 v output20/A (BUF_X1)
     1    1.50    0.01    0.03    0.67 v output20/Z (BUF_X1)
                                         out[2] (net)
                  0.01    0.00    0.67 v out[2] (out)
                                  0.67   data arrival time

                  0.00   10.00   10.00   clock clk (rise edge)
                          0.00   10.00   clock network delay (ideal)
                          0.00   10.00   clock reconvergence pessimism
                         -0.50    9.50   output external delay
                                  9.50   data required time
-----------------------------------------------------------------------------
                                  9.50   data required time
                                 -0.67   data arrival time
-----------------------------------------------------------------------------
                                  8.83   slack (MET)



==========================================================================
detailed place report_check_types -max_slew -max_cap -max_fanout -violators
--------------------------------------------------------------------------

==========================================================================
detailed place max_slew_check_slack
--------------------------------------------------------------------------
0.15083551406860352

==========================================================================
detailed place max_slew_check_limit
--------------------------------------------------------------------------
0.1985349953174591

==========================================================================
detailed place max_slew_check_slack_limit
--------------------------------------------------------------------------
0.7597

==========================================================================
detailed place max_fanout_check_slack
--------------------------------------------------------------------------
1.0000000150474662e+30

==========================================================================
detailed place max_fanout_check_limit
--------------------------------------------------------------------------
1.0000000150474662e+30

==========================================================================
detailed place max_capacitance_check_slack
--------------------------------------------------------------------------
39.88185501098633

==========================================================================
detailed place max_capacitance_check_limit
--------------------------------------------------------------------------
60.65370559692383

==========================================================================
detailed place max_capacitance_check_slack_limit
--------------------------------------------------------------------------
0.6575

==========================================================================
detailed place max_slew_violation_count
--------------------------------------------------------------------------
max slew violation count 0

==========================================================================
detailed place max_fanout_violation_count
--------------------------------------------------------------------------
max fanout violation count 0

==========================================================================
detailed place max_cap_violation_count
--------------------------------------------------------------------------
max cap violation count 0

==========================================================================
detailed place setup_violation_count
--------------------------------------------------------------------------
setup violation count 0

==========================================================================
detailed place hold_violation_count
--------------------------------------------------------------------------
hold violation count 0

==========================================================================
detailed place critical path delay
--------------------------------------------------------------------------
0.6742

==========================================================================
detailed place critical path slack
--------------------------------------------------------------------------
8.8258

==========================================================================
detailed place slack div critical path delay
--------------------------------------------------------------------------
1309.077425

==========================================================================
detailed place report_power
--------------------------------------------------------------------------
Group                  Internal  Switching    Leakage      Total
                          Power      Power      Power      Power (Watts)
----------------------------------------------------------------
Sequential             0.00e+00   0.00e+00   0.00e+00   0.00e+00   0.0%
Combinational          1.03e-06   4.28e-07   8.23e-07   2.28e-06 100.0%
Clock                  0.00e+00   0.00e+00   0.00e+00   0.00e+00   0.0%
Macro                  0.00e+00   0.00e+00   0.00e+00   0.00e+00   0.0%
Pad                    0.00e+00   0.00e+00   0.00e+00   0.00e+00   0.0%
----------------------------------------------------------------
Total                  1.03e-06   4.28e-07   8.23e-07   2.28e-06 100.0%
                          45.2%      18.7%      36.1%
