
==========================================================================
global route report_tns
--------------------------------------------------------------------------
tns max 0.00

==========================================================================
global route report_wns
--------------------------------------------------------------------------
wns max 0.00

==========================================================================
global route report_worst_slack
--------------------------------------------------------------------------
worst slack max 8.82

==========================================================================
global route report_clock_min_period
--------------------------------------------------------------------------
clk period_min = 1.18 fmax = 848.51

==========================================================================
global route report_clock_skew
--------------------------------------------------------------------------
Clock clk
No launch/capture paths found.


==========================================================================
global route report_checks -path_delay min
--------------------------------------------------------------------------
Startpoint: in0[4] (input port clocked by clk)
Endpoint: out[4] (output port clocked by clk)
Path Group: clk
Path Type: min

Fanout     Cap    Slew   Delay    Time   Description
-----------------------------------------------------------------------------
                  0.00    0.00    0.00   clock clk (rise edge)
                          0.00    0.00   clock network delay (ideal)
                          0.50    0.50 ^ input external delay
     1    2.48    0.01    0.01    0.51 ^ in0[4] (in)
                                         in0[4] (net)
                  0.01    0.00    0.51 ^ input5/A (BUF_X1)
     1    1.22    0.01    0.02    0.53 ^ input5/Z (BUF_X1)
                                         net5 (net)
                  0.01    0.00    0.53 ^ _3_/A (MUX2_X1)
     1    1.35    0.01    0.03    0.56 ^ _3_/Z (MUX2_X1)
                                         net22 (net)
                  0.01    0.00    0.56 ^ output22/A (BUF_X1)
     1    1.23    0.01    0.02    0.58 ^ output22/Z (BUF_X1)
                                         out[4] (net)
                  0.01    0.00    0.58 ^ out[4] (out)
                                  0.58   data arrival time

                  0.00    0.00    0.00   clock clk (rise edge)
                          0.00    0.00   clock network delay (ideal)
                          0.00    0.00   clock reconvergence pessimism
                         -0.50   -0.50   output external delay
                                 -0.50   data required time
-----------------------------------------------------------------------------
                                 -0.50   data required time
                                 -0.58   data arrival time
-----------------------------------------------------------------------------
                                  1.08   slack (MET)



==========================================================================
global route report_checks -path_delay max
--------------------------------------------------------------------------
Startpoint: sel (input port clocked by clk)
Endpoint: out[2] (output port clocked by clk)
Path Group: clk
Path Type: max

Fanout     Cap    Slew   Delay    Time   Description
-----------------------------------------------------------------------------
                  0.00    0.00    0.00   clock clk (rise edge)
                          0.00    0.00   clock network delay (ideal)
                          0.50    0.50 ^ input external delay
     1    6.04    0.02    0.02    0.52 ^ sel (in)
                                         sel (net)
                  0.02    0.00    0.52 ^ input17/A (BUF_X1)
     8   21.09    0.05    0.07    0.58 ^ input17/Z (BUF_X1)
                                         net17 (net)
                  0.05    0.00    0.59 ^ _5_/S (MUX2_X1)
     1    1.57    0.01    0.06    0.65 v _5_/Z (MUX2_X1)
                                         net20 (net)
                  0.01    0.00    0.65 v output20/A (BUF_X1)
     1    2.01    0.01    0.03    0.68 v output20/Z (BUF_X1)
                                         out[2] (net)
                  0.01    0.00    0.68 v out[2] (out)
                                  0.68   data arrival time

                  0.00   10.00   10.00   clock clk (rise edge)
                          0.00   10.00   clock network delay (ideal)
                          0.00   10.00   clock reconvergence pessimism
                         -0.50    9.50   output external delay
                                  9.50   data required time
-----------------------------------------------------------------------------
                                  9.50   data required time
                                 -0.68   data arrival time
-----------------------------------------------------------------------------
                                  8.82   slack (MET)



==========================================================================
global route report_checks -unconstrained
--------------------------------------------------------------------------
Startpoint: sel (input port clocked by clk)
Endpoint: out[2] (output port clocked by clk)
Path Group: clk
Path Type: max

Fanout     Cap    Slew   Delay    Time   Description
-----------------------------------------------------------------------------
                  0.00    0.00    0.00   clock clk (rise edge)
                          0.00    0.00   clock network delay (ideal)
                          0.50    0.50 ^ input external delay
     1    6.04    0.02    0.02    0.52 ^ sel (in)
                                         sel (net)
                  0.02    0.00    0.52 ^ input17/A (BUF_X1)
     8   21.09    0.05    0.07    0.58 ^ input17/Z (BUF_X1)
                                         net17 (net)
                  0.05    0.00    0.59 ^ _5_/S (MUX2_X1)
     1    1.57    0.01    0.06    0.65 v _5_/Z (MUX2_X1)
                                         net20 (net)
                  0.01    0.00    0.65 v output20/A (BUF_X1)
     1    2.01    0.01    0.03    0.68 v output20/Z (BUF_X1)
                                         out[2] (net)
                  0.01    0.00    0.68 v out[2] (out)
                                  0.68   data arrival time

                  0.00   10.00   10.00   clock clk (rise edge)
                          0.00   10.00   clock network delay (ideal)
                          0.00   10.00   clock reconvergence pessimism
                         -0.50    9.50   output external delay
                                  9.50   data required time
-----------------------------------------------------------------------------
                                  9.50   data required time
                                 -0.68   data arrival time
-----------------------------------------------------------------------------
                                  8.82   slack (MET)



==========================================================================
global route report_check_types -max_slew -max_cap -max_fanout -violators
--------------------------------------------------------------------------

==========================================================================
global route max_slew_check_slack
--------------------------------------------------------------------------
0.15023672580718994

==========================================================================
global route max_slew_check_limit
--------------------------------------------------------------------------
0.1985349953174591

==========================================================================
global route max_slew_check_slack_limit
--------------------------------------------------------------------------
0.7567

==========================================================================
global route max_fanout_check_slack
--------------------------------------------------------------------------
1.0000000150474662e+30

==========================================================================
global route max_fanout_check_limit
--------------------------------------------------------------------------
1.0000000150474662e+30

==========================================================================
global route max_capacitance_check_slack
--------------------------------------------------------------------------
39.5672721862793

==========================================================================
global route max_capacitance_check_limit
--------------------------------------------------------------------------
60.65370559692383

==========================================================================
global route max_capacitance_check_slack_limit
--------------------------------------------------------------------------
0.6523

==========================================================================
global route max_slew_violation_count
--------------------------------------------------------------------------
max slew violation count 0

==========================================================================
global route max_fanout_violation_count
--------------------------------------------------------------------------
max fanout violation count 0

==========================================================================
global route max_cap_violation_count
--------------------------------------------------------------------------
max cap violation count 0

==========================================================================
global route setup_violation_count
--------------------------------------------------------------------------
setup violation count 0

==========================================================================
global route hold_violation_count
--------------------------------------------------------------------------
hold violation count 0

==========================================================================
global route critical path delay
--------------------------------------------------------------------------
0.6785

==========================================================================
global route critical path slack
--------------------------------------------------------------------------
8.8215

==========================================================================
global route slack div critical path delay
--------------------------------------------------------------------------
1300.147384

==========================================================================
global route report_power
--------------------------------------------------------------------------
Group                  Internal  Switching    Leakage      Total
                          Power      Power      Power      Power (Watts)
----------------------------------------------------------------
Sequential             0.00e+00   0.00e+00   0.00e+00   0.00e+00   0.0%
Combinational          1.04e-06   4.91e-07   8.23e-07   2.35e-06 100.0%
Clock                  0.00e+00   0.00e+00   0.00e+00   0.00e+00   0.0%
Macro                  0.00e+00   0.00e+00   0.00e+00   0.00e+00   0.0%
Pad                    0.00e+00   0.00e+00   0.00e+00   0.00e+00   0.0%
----------------------------------------------------------------
Total                  1.04e-06   4.91e-07   8.23e-07   2.35e-06 100.0%
                          44.2%      20.8%      35.0%
