
==========================================================================
detailed place report_tns
--------------------------------------------------------------------------
tns max 0.00

==========================================================================
detailed place report_wns
--------------------------------------------------------------------------
wns max 0.00

==========================================================================
detailed place report_worst_slack
--------------------------------------------------------------------------
worst slack max 8.78

==========================================================================
detailed place report_clock_min_period
--------------------------------------------------------------------------
clk period_min = 1.22 fmax = 819.49

==========================================================================
detailed place report_checks -path_delay min
--------------------------------------------------------------------------
Startpoint: d[2]$_DFF_PN1_ (rising edge-triggered flip-flop clocked by clk)
Endpoint: d[1]$_DFF_PN1_ (rising edge-triggered flip-flop clocked by clk)
Path Group: clk
Path Type: min

Fanout     Cap    Slew   Delay    Time   Description
-----------------------------------------------------------------------------
                  0.00    0.00    0.00   clock clk (rise edge)
                          0.00    0.00   clock network delay (ideal)
                  0.00    0.00    0.00 ^ d[2]$_DFF_PN1_/CK (DFFS_X1)
     1    1.30    0.01    0.08    0.08 v d[2]$_DFF_PN1_/Q (DFFS_X1)
                                         d[2] (net)
                  0.01    0.00    0.08 v d[1]$_DFF_PN1_/D (DFFS_X1)
                                  0.08   data arrival time

                  0.00    0.00    0.00   clock clk (rise edge)
                          0.00    0.00   clock network delay (ideal)
                          0.05    0.05   clock uncertainty
                          0.00    0.05   clock reconvergence pessimism
                                  0.05 ^ d[1]$_DFF_PN1_/CK (DFFS_X1)
                          0.00    0.05   library hold time
                                  0.05   data required time
-----------------------------------------------------------------------------
                                  0.05   data required time
                                 -0.08   data arrival time
-----------------------------------------------------------------------------
                                  0.03   slack (MET)



==========================================================================
detailed place report_checks -path_delay max
--------------------------------------------------------------------------
Startpoint: d[0]$_DFF_PN1_ (rising edge-triggered flip-flop clocked by clk)
Endpoint: y (output port clocked by clk)
Path Group: clk
Path Type: max

Fanout     Cap    Slew   Delay    Time   Description
-----------------------------------------------------------------------------
                  0.00    0.00    0.00   clock clk (rise edge)
                          0.00    0.00   clock network delay (ideal)
                  0.00    0.00    0.00 ^ d[0]$_DFF_PN1_/CK (DFFS_X1)
     2    5.16    0.01    0.09    0.09 ^ d[0]$_DFF_PN1_/Q (DFFS_X1)
                                         net2 (net)
                  0.01    0.00    0.09 ^ output2/A (BUF_X1)
     1    2.16    0.01    0.03    0.12 ^ output2/Z (BUF_X1)
                                         y (net)
                  0.01    0.00    0.12 ^ y (out)
                                  0.12   data arrival time

                  0.00   10.00   10.00   clock clk (rise edge)
                          0.00   10.00   clock network delay (ideal)
                         -0.10    9.90   clock uncertainty
                          0.00    9.90   clock reconvergence pessimism
                         -1.00    8.90   output external delay
                                  8.90   data required time
-----------------------------------------------------------------------------
                                  8.90   data required time
                                 -0.12   data arrival time
-----------------------------------------------------------------------------
                                  8.78   slack (MET)



==========================================================================
detailed place report_checks -unconstrained
--------------------------------------------------------------------------
Startpoint: d[0]$_DFF_PN1_ (rising edge-triggered flip-flop clocked by clk)
Endpoint: y (output port clocked by clk)
Path Group: clk
Path Type: max

Fanout     Cap    Slew   Delay    Time   Description
-----------------------------------------------------------------------------
                  0.00    0.00    0.00   clock clk (rise edge)
                          0.00    0.00   clock network delay (ideal)
                  0.00    0.00    0.00 ^ d[0]$_DFF_PN1_/CK (DFFS_X1)
     2    5.16    0.01    0.09    0.09 ^ d[0]$_DFF_PN1_/Q (DFFS_X1)
                                         net2 (net)
                  0.01    0.00    0.09 ^ output2/A (BUF_X1)
     1    2.16    0.01    0.03    0.12 ^ output2/Z (BUF_X1)
                                         y (net)
                  0.01    0.00    0.12 ^ y (out)
                                  0.12   data arrival time

                  0.00   10.00   10.00   clock clk (rise edge)
                          0.00   10.00   clock network delay (ideal)
                         -0.10    9.90   clock uncertainty
                          0.00    9.90   clock reconvergence pessimism
                         -1.00    8.90   output external delay
                                  8.90   data required time
-----------------------------------------------------------------------------
                                  8.90   data required time
                                 -0.12   data arrival time
-----------------------------------------------------------------------------
                                  8.78   slack (MET)



==========================================================================
detailed place report_check_types -max_slew -max_cap -max_fanout -violators
--------------------------------------------------------------------------

==========================================================================
detailed place max_slew_check_slack
--------------------------------------------------------------------------
0.1791023463010788

==========================================================================
detailed place max_slew_check_limit
--------------------------------------------------------------------------
0.1985349953174591

==========================================================================
detailed place max_slew_check_slack_limit
--------------------------------------------------------------------------
0.9021

==========================================================================
detailed place max_fanout_check_slack
--------------------------------------------------------------------------
1.0000000150474662e+30

==========================================================================
detailed place max_fanout_check_limit
--------------------------------------------------------------------------
1.0000000150474662e+30

==========================================================================
detailed place max_capacitance_check_slack
--------------------------------------------------------------------------
24.092369079589844

==========================================================================
detailed place max_capacitance_check_limit
--------------------------------------------------------------------------
25.329599380493164

==========================================================================
detailed place max_capacitance_check_slack_limit
--------------------------------------------------------------------------
0.9512

==========================================================================
detailed place max_slew_violation_count
--------------------------------------------------------------------------
max slew violation count 0

==========================================================================
detailed place max_fanout_violation_count
--------------------------------------------------------------------------
max fanout violation count 0

==========================================================================
detailed place max_cap_violation_count
--------------------------------------------------------------------------
max cap violation count 0

==========================================================================
detailed place setup_violation_count
--------------------------------------------------------------------------
setup violation count 0

==========================================================================
detailed place hold_violation_count
--------------------------------------------------------------------------
hold violation count 0

==========================================================================
detailed place report_checks -path_delay max reg to reg
--------------------------------------------------------------------------
Startpoint: d[0]$_DFF_PN1_ (rising edge-triggered flip-flop clocked by clk)
Endpoint: d[3]$_DFF_PN1_ (rising edge-triggered flip-flop clocked by clk)
Path Group: clk
Path Type: max

  Delay    Time   Description
---------------------------------------------------------
   0.00    0.00   clock clk (rise edge)
   0.00    0.00   clock network delay (ideal)
   0.00    0.00 ^ d[0]$_DFF_PN1_/CK (DFFS_X1)
   0.09    0.09 v d[0]$_DFF_PN1_/Q (DFFS_X1)
   0.05    0.14 v _5_/Z (XOR2_X1)
   0.00    0.14 v d[3]$_DFF_PN1_/D (DFFS_X1)
           0.14   data arrival time

  10.00   10.00   clock clk (rise edge)
   0.00   10.00   clock network delay (ideal)
  -0.10    9.90   clock uncertainty
   0.00    9.90   clock reconvergence pessimism
           9.90 ^ d[3]$_DFF_PN1_/CK (DFFS_X1)
  -0.04    9.86   library setup time
           9.86   data required time
---------------------------------------------------------
           9.86   data required time
          -0.14   data arrival time
---------------------------------------------------------
           9.72   slack (MET)



==========================================================================
detailed place report_checks -path_delay min reg to reg
--------------------------------------------------------------------------
Startpoint: d[2]$_DFF_PN1_ (rising edge-triggered flip-flop clocked by clk)
Endpoint: d[1]$_DFF_PN1_ (rising edge-triggered flip-flop clocked by clk)
Path Group: clk
Path Type: min

  Delay    Time   Description
---------------------------------------------------------
   0.00    0.00   clock clk (rise edge)
   0.00    0.00   clock network delay (ideal)
   0.00    0.00 ^ d[2]$_DFF_PN1_/CK (DFFS_X1)
   0.08    0.08 v d[2]$_DFF_PN1_/Q (DFFS_X1)
   0.00    0.08 v d[1]$_DFF_PN1_/D (DFFS_X1)
           0.08   data arrival time

   0.00    0.00   clock clk (rise edge)
   0.00    0.00   clock network delay (ideal)
   0.05    0.05   clock uncertainty
   0.00    0.05   clock reconvergence pessimism
           0.05 ^ d[1]$_DFF_PN1_/CK (DFFS_X1)
   0.00    0.05   library hold time
           0.05   data required time
---------------------------------------------------------
           0.05   data required time
          -0.08   data arrival time
---------------------------------------------------------
           0.03   slack (MET)



==========================================================================
detailed place critical path target clock latency max path
--------------------------------------------------------------------------
0

==========================================================================
detailed place critical path target clock latency min path
--------------------------------------------------------------------------
0

==========================================================================
detailed place critical path source clock latency min path
--------------------------------------------------------------------------
0

==========================================================================
detailed place critical path delay
--------------------------------------------------------------------------
0.1203

==========================================================================
detailed place critical path slack
--------------------------------------------------------------------------
8.7797

==========================================================================
detailed place slack div critical path delay
--------------------------------------------------------------------------
7298.171239

==========================================================================
detailed place report_power
--------------------------------------------------------------------------
Group                  Internal  Switching    Leakage      Total
                          Power      Power      Power      Power (Watts)
----------------------------------------------------------------
Sequential             1.47e-06   0.00e+00   3.45e-07   1.82e-06  93.1%
Combinational          2.43e-08   3.90e-08   7.14e-08   1.35e-07   6.9%
Clock                  0.00e+00   0.00e+00   0.00e+00   0.00e+00   0.0%
Macro                  0.00e+00   0.00e+00   0.00e+00   0.00e+00   0.0%
Pad                    0.00e+00   0.00e+00   0.00e+00   0.00e+00   0.0%
----------------------------------------------------------------
Total                  1.50e-06   3.90e-08   4.17e-07   1.95e-06 100.0%
                          76.6%       2.0%      21.4%
